[templates.entheosweb.com/template_number/live_demo3dea.html]
[backblue.gif]
[fade.gif]
[index.html]
[yui.yahooapis.com/2.9.0/build/reset/reset-min.css]
[templates.entheosweb.com/template_number/includes/frame.css]
[templates.entheosweb.com/template_number/includes/html5_script/html5.js]
[templates.entheosweb.com/template_number/includes/main.css]
[templates.entheosweb.com/template_number/includes/media.css]
[templates.entheosweb.com/template_number/images/logo.jpg]
[templates.entheosweb.com/template_number/53533.html]
[templates.entheosweb.com/template_number/images/buy.jpg]
[templates.entheosweb.com/template_number/live_demo3dea.html]
[yui.yahooapis.com/2.9.0/build/reset/reset-min.css]
[templates.entheosweb.com/template_number/images/top-bg.jpg]
[templates.entheosweb.com/template_number/includes/frame.css]
[templates.entheosweb.com/template_number/includes/html5_script/html5.js]
[templates.entheosweb.com/template_number/includes/main.css]
[templates.entheosweb.com/images/box_btmbg.png]
[templates.entheosweb.com/template_number/includes/media.css]
[templates.entheosweb.com/template_number/widget/tm-livechat.min.css]
[ajax.googleapis.com/ajax/libs/jqueryui/1.11.4/jquery-ui.min.js]
[templates.entheosweb.com/template_number/widget/carhartl-jquery-cookie-92b7715/jquery.cookie.js]
[s7.addthis.com/js/300/addthis_widget.js]
[templates.entheosweb.com/template_number/widget/tm-livechat.min.js]
[templates.entheosweb.com/template_number/widget/chat-widget.js]
[templates.entheosweb.com/template_number/includes/common.js]
[templates.entheosweb.com/template_number/includes/jquery-1.2.2.pack.js]
[templates.entheosweb.com/template_number/includes/menu.js]
[templates.entheosweb.com/template_number/includes/style.css]
[templates.entheosweb.com/template_number/includes/meanmenu.css]
[templates.entheosweb.com/template_number/includes/jquery.min.js]
[templates.entheosweb.com/template_number/images/reply_animation_hover.jpg]
[templates.entheosweb.com/images/view_hover.gif]
[templates.entheosweb.com/images/subscribe_button_hover.jpg]
[templates.entheosweb.com/images/buy_hover.gif]
[templates.entheosweb.com/images/unsubscribe_button_hover.jpg]
[templates.entheosweb.com/images/buy_this_tmp1_over.jpg]
[templates.entheosweb.com/images/cus_this_tmp1_over.jpg]
[templates.entheosweb.com/images/btn_cus_template_h.jpg]
[templates.entheosweb.com/images/logo.gif]
[templates.entheosweb.com/images/mobile-view-logo.jpg]
[templates.entheosweb.com/template_number/images/arrows.gif]
[templates.entheosweb.com/images/search.gif]
[templates.entheosweb.com/template_number/includes/jquery.meanmenu.js]
[templates.entheosweb.com/userfiles/10pcOff(1).jpg]
[templates.entheosweb.com/userfiles/monstroid2.jpg]
[templates.entheosweb.com/userfiles/Intense-multipurpose-bootstrap-website-template-150x150.png]
[templates.entheosweb.com/userfiles/62000-m-b-150x150.jpg]
[templates.entheosweb.com/template_number/62000.html]
[templates.entheosweb.com/userfiles/image/business_website_ad.jpg]
[templates.entheosweb.com/images/btn_browse_categories.jpg]
[templates.entheosweb.com/template_number/30172.html]
[templates.entheosweb.com/images/btn_browse_colors.jpg]
[templates.entheosweb.com/images/btn_browse_themes.jpg]
[templates.entheosweb.com/images/btn_browse_types.jpg]
[templates.entheosweb.com/template_number/images/dot_line2.gif]
[templates.entheosweb.com/images/live-demo-hover.png]
[templates.entheosweb.com/images/live-demo.png]
[templates.entheosweb.com/images/buy_this_tmp1.jpg]
[templates.entheosweb.com/template_number/images/loading.gif]
[templates.entheosweb.com/template_number/53500/53533-b-responsive.jpg]
[templates.entheosweb.com/template_number/53500/53533-big.jpg]
[templates.entheosweb.com/template_number/images/live_demo.jpg]
[templates.entheosweb.com/images/spacer.gif]
[templates.entheosweb.com/template_number/62200/62275-med.jpg]
[templates.entheosweb.com/template_number/62275.html]
[templates.entheosweb.com/template_number/62200/62275-b-responsive.jpg]
[templates.entheosweb.com/images/details_hover.gif]
[templates.entheosweb.com/images/details.gif]
[templates.entheosweb.com/template_number/live_demo50eb.html]
[templates.entheosweb.com/images/demo_hover.gif]
[templates.entheosweb.com/images/demo.gif]
[templates.entheosweb.com/template_number/62200/62270-med.jpg]
[templates.entheosweb.com/template_number/62270.html]
[templates.entheosweb.com/template_number/62200/62270-b-responsive.jpg]
[templates.entheosweb.com/template_number/live_demo17e4.html]
[templates.entheosweb.com/template_number/62267.html]
[templates.entheosweb.com/template_number/62200/62267-med.jpg]
[templates.entheosweb.com/template_number/62200/62267-b-responsive.jpg]
[templates.entheosweb.com/template_number/live_demo6b7a.html]
[templates.entheosweb.com/userfiles/banner3.jpg]
[templates.entheosweb.com/template_number/26278.html]
[www.entheosweb.com/images/pinterest_entheos.jpg]
[templates.entheosweb.com/images/facebook_entheos.jpg]
[templates.entheosweb.com/images/foot_logo.jpg]
[www.google-analytics.com/analytics.js]
[templates.entheosweb.com/template_number/53533.html]
[templates.entheosweb.com/widget/images/title_iconf269.png]
[templates.entheosweb.com/widget/images/btn_closef269.png]
[templates.entheosweb.com/widget/images/logof269.jpg]
[templates.entheosweb.com/widget/images/shevronf269.png]
[templates.entheosweb.com/template_number/widget/tm-livechat.min.css]
[templates.entheosweb.com/template_number/widget/carhartl-jquery-cookie-92b7715/jquery.cookie.js]
[templates.entheosweb.com/template_number/widget/tm-livechat.min.js]
[templates.entheosweb.com/template_number/widget/chat-widget.js]
[templates.entheosweb.com/template_number/includes/common.js]
[templates.entheosweb.com/template_number/includes/jquery-1.2.2.pack.js]
[templates.entheosweb.com/template_number/includes/menu.js]
[templates.entheosweb.com/template_number/includes/jquery.min.js]
[templates.entheosweb.com/template_number/14573.html]
[templates.entheosweb.com/template_number/includes/league_gothic-webfont.eot]
[templates.entheosweb.com/template_number/includes/league_gothic-webfontd41d.eot]
[templates.entheosweb.com/template_number/includes/league_gothic-webfont.ttf]
[templates.entheosweb.com/template_number/images/black_rose.gif]
[templates.entheosweb.com/template_number/images/top_bg.gif]
[templates.entheosweb.com/template_number/images/top_red_menu_bg.gif]
[templates.entheosweb.com/images/new.gif]
[templates.entheosweb.com/template_number/images/bullet.gif]
[templates.entheosweb.com/template_number/images/flash_hide_button.jpg]
[templates.entheosweb.com/template_number/images/flash_hide_button_hover.jpg]
[templates.entheosweb.com/template_number/images/reply_animation.jpg]
[templates.entheosweb.com/template_number/images/show_flash.jpg]
[templates.entheosweb.com/template_number/images/show_flash_hover.jpg]
[templates.entheosweb.com/template_number/images/view.gif]
[templates.entheosweb.com/template_number/images/view_hover.gif]
[templates.entheosweb.com/template_number/images/buy.gif]
[templates.entheosweb.com/template_number/images/buy_hover.gif]
[templates.entheosweb.com/template_number/images/red_buy.gif]
[templates.entheosweb.com/images/next_button.gif]
[templates.entheosweb.com/images/next_button_hover.gif]
[templates.entheosweb.com/images/previous_button.gif]
[templates.entheosweb.com/images/previous_button_hover.gif]
[templates.entheosweb.com/images/subscribe_button.jpg]
[templates.entheosweb.com/images/unsubscribe_button.jpg]
[templates.entheosweb.com/template_number/images/btn_submit.jpg]
[templates.entheosweb.com/template_number/images/btn_cancel.jpg]
[templates.entheosweb.com/images/footer_listbg.gif]
[templates.entheosweb.com/images/foot_bullet.gif]
[templates.entheosweb.com/images/ribbon.png]
[templates.entheosweb.com/images/new3.png]
[templates.entheosweb.com/images/icon-sample-template.png]
[templates.entheosweb.com/images/icon-help.png]
[templates.entheosweb.com/images/icon-submit-ticket.png]
[templates.entheosweb.com/images/icon-faq.png]
[templates.entheosweb.com/images/btn-customize.png]
[templates.entheosweb.com/images/btn-buy.png]
[templates.entheosweb.com/template_number/includes/style.css]
[templates.entheosweb.com/template_number/includes/meanmenu.css]
[templates.entheosweb.com/template_number/images/details_hover.html]
[templates.entheosweb.com/template_number/images/live-demo-hover.html]
[templates.entheosweb.com/template_number/images/demo_hover.html]
[templates.entheosweb.com/template_number/includes/jquery.meanmenu.js]
[templates.entheosweb.com/template_number/live_democeb3.html]
[templates.entheosweb.com/template_number/62000/62000-big.jpg]
[templates.entheosweb.com/template_number/62000/62000-m-b.jpg]
[templates.entheosweb.com/template_number/62000/62000-en_01.jpg]
[templates.entheosweb.com/template_number/62000/62000-en_02.jpg]
[templates.entheosweb.com/template_number/62000/62000-en_03.jpg]
[templates.entheosweb.com/template_number/62000/62000-en_04.jpg]
[templates.entheosweb.com/template_number/62000/62000-en_05.jpg]
[templates.entheosweb.com/template_number/62000/62000-en_06.jpg]
[templates.entheosweb.com/template_number/62000/62000-en_07.jpg]
[templates.entheosweb.com/template_number/62000/62000-en_08.jpg]
[templates.entheosweb.com/template_number/62000/62000-en_09.jpg]
[templates.entheosweb.com/template_number/62000/62000-en_10.jpg]
[templates.entheosweb.com/template_number/62000/62000-en_11.jpg]
[templates.entheosweb.com/template_number/62000/62000-en_12.jpg]
[templates.entheosweb.com/template_number/62000/62000-en_13.jpg]
[templates.entheosweb.com/template_number/62000/62000-en_14.jpg]
[templates.entheosweb.com/template_number/62099.html]
[templates.entheosweb.com/template_number/62000/62099-med.jpg]
[templates.entheosweb.com/template_number/62000/62099-m-b.jpg]
[templates.entheosweb.com/template_number/live_demo63ab.html]
[templates.entheosweb.com/template_number/55583.html]
[templates.entheosweb.com/template_number/55500/55583-med.jpg]
[templates.entheosweb.com/template_number/55500/55583-m-b.jpg]
[templates.entheosweb.com/template_number/live_demob886.html]
[templates.entheosweb.com/template_number/53962.html]
[templates.entheosweb.com/template_number/53900/53962-med.jpg]
[templates.entheosweb.com/template_number/53900/53962-m-b.jpg]
[templates.entheosweb.com/template_number/live_demod1e9.html]
[templates.entheosweb.com/testimonials/durham_ritz.jpg]
[templates.entheosweb.com/template_number/62000.html]
[templates.entheosweb.com/template_number/22408.html]
[templates.entheosweb.com/template_number/36400/36468-m.jpg]
[templates.entheosweb.com/template_number/36468.html]
[templates.entheosweb.com/images/buy.gif]
[templates.entheosweb.com/template_number/35600/35660-m.jpg]
[templates.entheosweb.com/template_number/35660.html]
[templates.entheosweb.com/template_number/34100/34156-m.jpg]
[templates.entheosweb.com/testimonials/triple_heaven.jpg]
[templates.entheosweb.com/template_number/30172.html]
[templates.entheosweb.com/template_number/34156.html]
[templates.entheosweb.com/template_number/62200/62275-big.jpg]
[templates.entheosweb.com/template_number/62200/62275-en_01.jpg]
[templates.entheosweb.com/template_number/62200/62275-en_02.jpg]
[templates.entheosweb.com/template_number/62200/62275-en_03.jpg]
[templates.entheosweb.com/template_number/62200/62275-en_04.jpg]
[templates.entheosweb.com/template_number/62200/62275-en_05.jpg]
[templates.entheosweb.com/template_number/62200/62275-en_06.jpg]
[templates.entheosweb.com/template_number/62200/62275-en_07.jpg]
[templates.entheosweb.com/template_number/62200/62275-en_08.jpg]
[templates.entheosweb.com/template_number/62200/62275-en_09.jpg]
[templates.entheosweb.com/template_number/62200/62275-en_10.jpg]
[templates.entheosweb.com/template_number/62200/62275-en_11.jpg]
[templates.entheosweb.com/template_number/62200/62275-en_12.jpg]
[templates.entheosweb.com/template_number/62200/62275-en_13.jpg]
[templates.entheosweb.com/template_number/62200/62275-en_14.jpg]
[templates.entheosweb.com/template_number/62200/62275-en_15.jpg]
[templates.entheosweb.com/template_number/62200/62275-en_16.jpg]
[templates.entheosweb.com/template_number/61389.html]
[templates.entheosweb.com/template_number/61300/61389-med.jpg]
[templates.entheosweb.com/template_number/61300/61389-b-responsive.jpg]
[templates.entheosweb.com/template_number/live_demo8d9b.html]
[templates.entheosweb.com/template_number/62275.html]
[templates.entheosweb.com/template_number/live_demo50eb.html]
[templates.entheosweb.com/template_number/62200/62270-big.jpg]
[templates.entheosweb.com/template_number/62200/62270-en_01.jpg]
[templates.entheosweb.com/template_number/62200/62270-en_02.jpg]
[templates.entheosweb.com/template_number/62200/62270-en_03.jpg]
[templates.entheosweb.com/template_number/62200/62270-en_04.jpg]
[templates.entheosweb.com/template_number/62200/62270-en_05.jpg]
[templates.entheosweb.com/template_number/62200/62270-en_06.jpg]
[templates.entheosweb.com/template_number/62200/62270-en_07.jpg]
[templates.entheosweb.com/template_number/62200/62270-en_08.jpg]
[templates.entheosweb.com/template_number/62200/62270-en_09.jpg]
[templates.entheosweb.com/template_number/62200/62270-en_10.jpg]
[templates.entheosweb.com/template_number/62200/62270-en_11.jpg]
[templates.entheosweb.com/template_number/62200/62270-en_12.jpg]
[templates.entheosweb.com/template_number/62200/62270-en_13.jpg]
[templates.entheosweb.com/template_number/62200/62270-en_14.jpg]
[templates.entheosweb.com/template_number/62200/62270-en_15.jpg]
[templates.entheosweb.com/template_number/62270.html]
[templates.entheosweb.com/template_number/live_demo17e4.html]
[templates.entheosweb.com/template_number/62200/62267-big.jpg]
[templates.entheosweb.com/template_number/62200/62267-en_01.jpg]
[templates.entheosweb.com/template_number/62200/62267-en_02.jpg]
[templates.entheosweb.com/template_number/62200/62267-en_03.jpg]
[templates.entheosweb.com/template_number/62200/62267-en_04.jpg]
[templates.entheosweb.com/template_number/62200/62267-en_05.jpg]
[templates.entheosweb.com/template_number/62200/62267-en_06.jpg]
[templates.entheosweb.com/template_number/62200/62267-en_07.jpg]
[templates.entheosweb.com/template_number/62200/62267-en_08.jpg]
[templates.entheosweb.com/template_number/62200/62267-en_09.jpg]
[templates.entheosweb.com/template_number/62200/62267-en_10.jpg]
[templates.entheosweb.com/template_number/62200/62267-en_11.jpg]
[templates.entheosweb.com/template_number/62200/62267-en_12.jpg]
[templates.entheosweb.com/template_number/62200/62267-en_13.jpg]
[templates.entheosweb.com/template_number/62200/62267-en_14.jpg]
[templates.entheosweb.com/template_number/62267.html]
[templates.entheosweb.com/template_number/live_demo6b7a.html]
[templates.entheosweb.com/template_number/36474.html]
[templates.entheosweb.com/template_number/36400/36474-m.jpg]
[templates.entheosweb.com/template_number/36466.html]
[templates.entheosweb.com/template_number/36400/36466-m.jpg]
[templates.entheosweb.com/template_number/36318.html]
[templates.entheosweb.com/template_number/36300/36318-m.jpg]
[templates.entheosweb.com/template_number/26278.html]
[cdn-images.mailchimp.com/embedcode/classic-081711.css]
[templates.entheosweb.com/template_number/POST.html]
[templates.entheosweb.com/template_number/safari/index.html]
[templates.entheosweb.com/template_number/14573.html]
[templates.entheosweb.com/template_number/includes/league_gothic-webfont.html]
[templates.entheosweb.com/template_number/includes/league_gothic-webfont.svg]
[templates.entheosweb.com/images/li.html]
[templates.entheosweb.com/template_number/includes/PIE.html]
[templates.entheosweb.com/template_number/images/menu-arrow2.html]
[templates.entheosweb.com/template_number/images/bullet-active.html]
[templates.entheosweb.com/template_number/images/bullet.html]
[templates.entheosweb.com/template_number/live_democeb3.html]
[templates.entheosweb.com/template_number/62000/62099-big.jpg]
[templates.entheosweb.com/template_number/62000/62099-en_01.jpg]
[templates.entheosweb.com/template_number/62000/62099-en_02.jpg]
[templates.entheosweb.com/template_number/62000/62099-en_03.jpg]
[templates.entheosweb.com/template_number/62000/62099-en_04.jpg]
[templates.entheosweb.com/template_number/62000/62099-en_05.jpg]
[templates.entheosweb.com/template_number/62000/62099-en_06.jpg]
[templates.entheosweb.com/template_number/62000/62099-en_07.jpg]
[templates.entheosweb.com/template_number/62000/62099-en_08.jpg]
[templates.entheosweb.com/template_number/62000/62099-en_09.jpg]
[templates.entheosweb.com/template_number/62000/62099-en_10.jpg]
[templates.entheosweb.com/template_number/62000/62099-en_11.jpg]
[templates.entheosweb.com/template_number/62254.html]
[templates.entheosweb.com/template_number/62200/62254-med.jpg]
[templates.entheosweb.com/template_number/62200/62254-m-b.jpg]
[templates.entheosweb.com/template_number/live_demo1826.html]
[templates.entheosweb.com/template_number/62253.html]
[templates.entheosweb.com/template_number/62200/62253-med.jpg]
[templates.entheosweb.com/template_number/62200/62253-m-b.jpg]
[templates.entheosweb.com/template_number/live_demo34cc.html]
[templates.entheosweb.com/template_number/62252.html]
[templates.entheosweb.com/template_number/62200/62252-med.jpg]
[templates.entheosweb.com/template_number/62200/62252-m-b.jpg]
[templates.entheosweb.com/template_number/live_demo1e29.html]
[templates.entheosweb.com/testimonials/chazally.jpg]
[templates.entheosweb.com/template_number/62099.html]
[templates.entheosweb.com/template_number/live_demo63ab.html]
[templates.entheosweb.com/template_number/20330.html]
[templates.entheosweb.com/template_number/53913.html]
[templates.entheosweb.com/template_number/55481.html]
[templates.entheosweb.com/template_number/55500/55583-big.jpg]
[templates.entheosweb.com/template_number/62000/62000-med.jpg]
[templates.entheosweb.com/images/plus_bullet.gif]
[templates.entheosweb.com/template_number/55583.html]
[templates.entheosweb.com/template_number/live_demob886.html]
[templates.entheosweb.com/template_number/55061.html]
[templates.entheosweb.com/template_number/55342.html]
[templates.entheosweb.com/template_number/53900/53962-big.jpg]
[templates.entheosweb.com/template_number/53962.html]
[templates.entheosweb.com/template_number/live_demod1e9.html]
[templates.entheosweb.com/template_number/31556.html]
[templates.entheosweb.com/template_number/31500/31556-m.jpg]
[templates.entheosweb.com/template_number/27118.html]
[templates.entheosweb.com/template_number/27100/27118-m.jpg]
[templates.entheosweb.com/template_number/25779.html]
[templates.entheosweb.com/template_number/25700/25779-m.jpg]
[templates.entheosweb.com/template_number/22408.html]
[templates.entheosweb.com/template_number/live_demoe66c.html]
[templates.entheosweb.com/template_number/34155.html]
[templates.entheosweb.com/template_number/34100/34155-m.jpg]
[templates.entheosweb.com/template_number/36468.html]
[templates.entheosweb.com/template_number/live_demo8b66.html]
[templates.entheosweb.com/template_number/35656.html]
[templates.entheosweb.com/template_number/35660.html]
[templates.entheosweb.com/template_number/live_demo3787.html]
[templates.entheosweb.com/template_number/34156.html]
[templates.entheosweb.com/template_number/61300/61389-big.jpg]
[templates.entheosweb.com/template_number/61300/61389-en_01.jpg]
[templates.entheosweb.com/template_number/61300/61389-en_02.jpg]
[templates.entheosweb.com/template_number/61300/61389-en_03.jpg]
[templates.entheosweb.com/template_number/61300/61389-en_04.jpg]
[templates.entheosweb.com/template_number/61300/61389-en_05.jpg]
[templates.entheosweb.com/template_number/61300/61389-en_06.jpg]
[templates.entheosweb.com/template_number/61300/61389-en_07.jpg]
[templates.entheosweb.com/template_number/61300/61389-en_08.jpg]
[templates.entheosweb.com/template_number/61300/61389-en_09.jpg]
[templates.entheosweb.com/template_number/61300/61389-en_10.jpg]
[templates.entheosweb.com/template_number/61300/61389-en_11.jpg]
[templates.entheosweb.com/template_number/61300/61389-en_12.jpg]
[templates.entheosweb.com/template_number/61300/61389-en_13.jpg]
[templates.entheosweb.com/template_number/61300/61389-en_14.jpg]
[templates.entheosweb.com/template_number/61389.html]
[templates.entheosweb.com/template_number/live_demo8d9b.html]
[templates.entheosweb.com/template_number/live_demodd34.html]
[templates.entheosweb.com/template_number/36316.html]
[templates.entheosweb.com/template_number/36300/36316-m.jpg]
[templates.entheosweb.com/template_number/36474.html]
[templates.entheosweb.com/template_number/live_demo9fee.html]
[templates.entheosweb.com/template_number/36466.html]
[templates.entheosweb.com/template_number/live_demodfd9.html]
[templates.entheosweb.com/template_number/36318.html]
[templates.entheosweb.com/template_number/62200/62254-big.jpg]
[templates.entheosweb.com/template_number/62200/62254-en_01.jpg]
[templates.entheosweb.com/template_number/62200/62254-en_02.jpg]
[templates.entheosweb.com/template_number/62200/62254-en_03.jpg]
[templates.entheosweb.com/template_number/62200/62254-en_04.jpg]
[templates.entheosweb.com/template_number/62200/62254-en_05.jpg]
[templates.entheosweb.com/template_number/62200/62254-en_06.jpg]
[templates.entheosweb.com/template_number/62200/62254-en_07.jpg]
[templates.entheosweb.com/template_number/62200/62254-en_08.jpg]
[templates.entheosweb.com/template_number/62200/62254-en_09.jpg]
[templates.entheosweb.com/template_number/62254.html]
[templates.entheosweb.com/template_number/live_demo1826.html]
[templates.entheosweb.com/template_number/62200/62253-big.jpg]
[templates.entheosweb.com/template_number/62200/62253-en_01.jpg]
[templates.entheosweb.com/template_number/62200/62253-en_02.jpg]
[templates.entheosweb.com/template_number/62200/62253-en_03.jpg]
[templates.entheosweb.com/template_number/62200/62253-en_04.jpg]
[templates.entheosweb.com/template_number/62200/62253-en_05.jpg]
[templates.entheosweb.com/template_number/62200/62253-en_06.jpg]
[templates.entheosweb.com/template_number/62200/62253-en_07.jpg]
[templates.entheosweb.com/template_number/62200/62253-en_08.jpg]
[templates.entheosweb.com/template_number/62200/62253-en_09.jpg]
[templates.entheosweb.com/template_number/62200/62253-en_10.jpg]
[templates.entheosweb.com/template_number/62200/62253-en_11.jpg]
[templates.entheosweb.com/template_number/62200/62253-en_12.jpg]
[templates.entheosweb.com/template_number/62253.html]
[templates.entheosweb.com/template_number/live_demo34cc.html]
[templates.entheosweb.com/template_number/62200/62252-big.jpg]
[templates.entheosweb.com/template_number/62200/62252-en_01.jpg]
[templates.entheosweb.com/template_number/62200/62252-en_02.jpg]
[templates.entheosweb.com/template_number/62200/62252-en_03.jpg]
[templates.entheosweb.com/template_number/62200/62252-en_04.jpg]
[templates.entheosweb.com/template_number/62200/62252-en_05.jpg]
[templates.entheosweb.com/template_number/62200/62252-en_06.jpg]
[templates.entheosweb.com/template_number/62200/62252-en_07.jpg]
[templates.entheosweb.com/template_number/62200/62252-en_08.jpg]
[templates.entheosweb.com/template_number/62200/62252-en_09.jpg]
[templates.entheosweb.com/template_number/62252.html]
[templates.entheosweb.com/template_number/live_demo1e29.html]
[templates.entheosweb.com/template_number/35974.html]
[templates.entheosweb.com/template_number/35900/35974-m.jpg]
[templates.entheosweb.com/template_number/35338.html]
[templates.entheosweb.com/template_number/35300/35338-m.jpg]
[templates.entheosweb.com/template_number/34275.html]
[templates.entheosweb.com/template_number/34200/34275-m.jpg]
[templates.entheosweb.com/template_number/20330.html]
[templates.entheosweb.com/template_number/live_demo26ea.html]
[templates.entheosweb.com/template_number/53900/53913-big.jpg]
[templates.entheosweb.com/template_number/53900/53913-opencart-b.jpg]
[templates.entheosweb.com/template_number/62370.html]
[templates.entheosweb.com/template_number/62300/62370-med.jpg]
[templates.entheosweb.com/template_number/62300/62370-opencart-b.jpg]
[templates.entheosweb.com/template_number/live_demofc67.html]
[templates.entheosweb.com/template_number/62322.html]
[templates.entheosweb.com/template_number/62300/62322-med.jpg]
[templates.entheosweb.com/template_number/62300/62322-opencart-b.jpg]
[templates.entheosweb.com/template_number/live_demoa20d.html]
[templates.entheosweb.com/template_number/61312.html]
[templates.entheosweb.com/template_number/61300/61312-med.jpg]
[templates.entheosweb.com/template_number/61300/61312-opencart-b.jpg]
[templates.entheosweb.com/template_number/live_demo2547.html]
[templates.entheosweb.com/template_number/53913.html]
[templates.entheosweb.com/template_number/live_democb2d.html]
[templates.entheosweb.com/template_number/55400/55481-big.jpg]
[templates.entheosweb.com/template_number/55400/55481-prestashop-b.jpg]
[templates.entheosweb.com/template_number/63338.html]
[templates.entheosweb.com/template_number/63300/63338-med.jpg]
[templates.entheosweb.com/template_number/63300/63338-prestashop-b.jpg]
[templates.entheosweb.com/template_number/live_demo21c8.html]
[templates.entheosweb.com/template_number/62449.html]
[templates.entheosweb.com/template_number/62400/62449-med.jpg]
[templates.entheosweb.com/template_number/62400/62449-prestashop-b.jpg]
[templates.entheosweb.com/template_number/live_demo6622.html]
[templates.entheosweb.com/template_number/62447.html]
[templates.entheosweb.com/template_number/62400/62447-med.jpg]
[templates.entheosweb.com/template_number/62400/62447-prestashop-b.jpg]
[templates.entheosweb.com/template_number/live_demo049d.html]
[templates.entheosweb.com/template_number/55481.html]
[templates.entheosweb.com/template_number/live_demo474a.html]
[templates.entheosweb.com/template_number/55000/55061-big.jpg]
[templates.entheosweb.com/template_number/55000/55061-prestashop-b.jpg]
[templates.entheosweb.com/template_number/55061.html]
[templates.entheosweb.com/template_number/21871.html]
[templates.entheosweb.com/template_number/21800/21871-m.jpg]
[templates.entheosweb.com/template_number/12291.html]
[templates.entheosweb.com/template_number/12200/12291-m.jpg]
[templates.entheosweb.com/template_number/55342.html]
[templates.entheosweb.com/template_number/live_demo4ea6.html]
[templates.entheosweb.com/template_number/24963.html]
[templates.entheosweb.com/template_number/24900/24963-m.jpg]
[templates.entheosweb.com/template_number/31556.html]
[templates.entheosweb.com/template_number/live_demof4b7.html]
[templates.entheosweb.com/template_number/27118.html]
[templates.entheosweb.com/template_number/live_demodd4b.html]
[templates.entheosweb.com/template_number/25779.html]
[templates.entheosweb.com/template_number/live_demoe66c.html]
[templates.entheosweb.com/template_number/live_demo9bfc.html]
[templates.entheosweb.com/template_number/34155.html]
[templates.entheosweb.com/template_number/live_demo8b66.html]
[templates.entheosweb.com/template_number/live_demofce6.html]
[templates.entheosweb.com/template_number/36543.html]
[templates.entheosweb.com/template_number/36500/36543-m.jpg]
[templates.entheosweb.com/template_number/36465.html]
[templates.entheosweb.com/template_number/33830.html]
[templates.entheosweb.com/template_number/33800/33830-m.jpg]
[templates.entheosweb.com/template_number/35656.html]
[templates.entheosweb.com/template_number/live_demo3787.html]
[templates.entheosweb.com/template_number/live_demodd34.html]
[templates.entheosweb.com/template_number/live_demo15bf.html]
[templates.entheosweb.com/template_number/63674.html]
[templates.entheosweb.com/template_number/63600/63674-med.jpg]
[templates.entheosweb.com/template_number/63623.html]
[templates.entheosweb.com/template_number/63600/63623-med.jpg]
[templates.entheosweb.com/template_number/36331.html]
[templates.entheosweb.com/template_number/36300/36331-m.jpg]
[templates.entheosweb.com/template_number/36316.html]
[templates.entheosweb.com/template_number/live_demo9fee.html]
[templates.entheosweb.com/template_number/live_demodfd9.html]
[templates.entheosweb.com/template_number/ajb472.html]
[templates.entheosweb.com/template_number/live_demo0b79.html]
[templates.entheosweb.com/template_number/34154.html]
[templates.entheosweb.com/template_number/34100/34154-m.jpg]
[templates.entheosweb.com/template_number/35974.html]
[templates.entheosweb.com/template_number/live_demo801d.html]
[templates.entheosweb.com/template_number/35338.html]
[templates.entheosweb.com/template_number/live_demof81d.html]
[templates.entheosweb.com/template_number/34275.html]
[templates.entheosweb.com/template_number/live_demo26ea.html]
[templates.entheosweb.com/template_number/62300/62370-big.jpg]
[templates.entheosweb.com/template_number/live_demode02.html]
[templates.entheosweb.com/template_number/images/cpanel_demo.gif]
[templates.entheosweb.com/template_number/62300/62370-en_01.jpg]
[templates.entheosweb.com/template_number/62300/62370-en_02.jpg]
[templates.entheosweb.com/template_number/62300/62370-en_03.jpg]
[templates.entheosweb.com/template_number/62300/62370-en_04.jpg]
[templates.entheosweb.com/template_number/62300/62370-en_05.jpg]
[templates.entheosweb.com/template_number/62300/62370-en_06.jpg]
[templates.entheosweb.com/template_number/62300/62370-en_07.jpg]
[templates.entheosweb.com/template_number/62300/62370-en_08.jpg]
[templates.entheosweb.com/template_number/62300/62370-en_09.jpg]
[templates.entheosweb.com/template_number/62300/62370-en_10.jpg]
[templates.entheosweb.com/template_number/62300/62370-en_11.jpg]
[templates.entheosweb.com/template_number/61111.html]
[templates.entheosweb.com/template_number/61100/61111-med.jpg]
[templates.entheosweb.com/template_number/61100/61111-opencart-b.jpg]
[templates.entheosweb.com/template_number/live_demo0ff8.html]
[templates.entheosweb.com/template_number/62370.html]
[templates.entheosweb.com/template_number/live_demofc67.html]
[templates.entheosweb.com/template_number/62300/62322-big.jpg]
[templates.entheosweb.com/template_number/live_demo896c.html]
[templates.entheosweb.com/template_number/62300/62322-en_01.jpg]
[templates.entheosweb.com/template_number/62300/62322-en_02.jpg]
[templates.entheosweb.com/template_number/62300/62322-en_03.jpg]
[templates.entheosweb.com/template_number/62300/62322-en_04.jpg]
[templates.entheosweb.com/template_number/62300/62322-en_05.jpg]
[templates.entheosweb.com/template_number/62300/62322-en_06.jpg]
[templates.entheosweb.com/template_number/62300/62322-en_07.jpg]
[templates.entheosweb.com/template_number/62300/62322-en_08.jpg]
[templates.entheosweb.com/template_number/62300/62322-en_09.jpg]
[templates.entheosweb.com/template_number/62300/62322-en_10.jpg]
[templates.entheosweb.com/template_number/61387.html]
[templates.entheosweb.com/template_number/61300/61387-med.jpg]
[templates.entheosweb.com/template_number/61300/61387-opencart-b.jpg]
[templates.entheosweb.com/template_number/live_demob800.html]
[templates.entheosweb.com/template_number/61311.html]
[templates.entheosweb.com/template_number/61300/61311-med.jpg]
[templates.entheosweb.com/template_number/61300/61311-opencart-b.jpg]
[templates.entheosweb.com/template_number/live_demoa337.html]
[templates.entheosweb.com/template_number/62322.html]
[templates.entheosweb.com/template_number/live_demoa20d.html]
[templates.entheosweb.com/template_number/61300/61312-big.jpg]
[templates.entheosweb.com/template_number/live_demo9c48.html]
[templates.entheosweb.com/template_number/61300/61312-en_01.jpg]
[templates.entheosweb.com/template_number/61300/61312-en_02.jpg]
[templates.entheosweb.com/template_number/61300/61312-en_03.jpg]
[templates.entheosweb.com/template_number/61300/61312-en_04.jpg]
[templates.entheosweb.com/template_number/61300/61312-en_05.jpg]
[templates.entheosweb.com/template_number/61300/61312-en_06.jpg]
[templates.entheosweb.com/template_number/61300/61312-en_07.jpg]
[templates.entheosweb.com/template_number/61300/61312-en_08.jpg]
[templates.entheosweb.com/template_number/61300/61312-en_09.jpg]
[templates.entheosweb.com/template_number/61300/61312-en_10.jpg]
[templates.entheosweb.com/template_number/61300/61312-en_11.jpg]
[templates.entheosweb.com/template_number/61312.html]
[templates.entheosweb.com/template_number/live_demo2547.html]
[templates.entheosweb.com/template_number/live_democb2d.html]
[templates.entheosweb.com/template_number/63300/63338-big.jpg]
[templates.entheosweb.com/template_number/63300/63338-en_01.jpg]
[templates.entheosweb.com/template_number/63300/63338-en_02.jpg]
[templates.entheosweb.com/template_number/63300/63338-en_03.jpg]
[templates.entheosweb.com/template_number/63300/63338-en_04.jpg]
[templates.entheosweb.com/template_number/63300/63338-en_05.jpg]
[templates.entheosweb.com/template_number/63300/63338-en_06.jpg]
[templates.entheosweb.com/template_number/63300/63338-en_07.jpg]
[templates.entheosweb.com/template_number/63300/63338-en_08.jpg]
[templates.entheosweb.com/template_number/63300/63338-en_09.jpg]
[templates.entheosweb.com/template_number/63300/63338-en_10.jpg]
[templates.entheosweb.com/template_number/63300/63338-en_11.jpg]
[templates.entheosweb.com/template_number/63300/63338-en_12.jpg]
[templates.entheosweb.com/template_number/62343.html]
[templates.entheosweb.com/template_number/62300/62343-med.jpg]
[templates.entheosweb.com/template_number/62300/62343-prestashop-b.jpg]
[templates.entheosweb.com/template_number/live_demo22cd.html]
[templates.entheosweb.com/template_number/62341.html]
[templates.entheosweb.com/template_number/62300/62341-med.jpg]
[templates.entheosweb.com/template_number/62300/62341-prestashop-b.jpg]
[templates.entheosweb.com/template_number/live_demo5ea2.html]
[templates.entheosweb.com/template_number/62279.html]
[templates.entheosweb.com/template_number/62200/62279-med.jpg]
[templates.entheosweb.com/template_number/62200/62279-prestashop-b.jpg]
[templates.entheosweb.com/template_number/live_demoda29.html]
[templates.entheosweb.com/template_number/63338.html]
[templates.entheosweb.com/template_number/live_demo21c8.html]
[templates.entheosweb.com/template_number/62400/62449-big.jpg]
[templates.entheosweb.com/template_number/62400/62449-en_01.jpg]
[templates.entheosweb.com/template_number/62400/62449-en_02.jpg]
[templates.entheosweb.com/template_number/62400/62449-en_03.jpg]
[templates.entheosweb.com/template_number/62400/62449-en_04.jpg]
[templates.entheosweb.com/template_number/62400/62449-en_05.jpg]
[templates.entheosweb.com/template_number/62400/62449-en_06.jpg]
[templates.entheosweb.com/template_number/62400/62449-en_07.jpg]
[templates.entheosweb.com/template_number/62400/62449-en_08.jpg]
[templates.entheosweb.com/template_number/62400/62449-en_09.jpg]
[templates.entheosweb.com/template_number/62400/62449-en_10.jpg]
[templates.entheosweb.com/template_number/62400/62449-en_11.jpg]
[templates.entheosweb.com/template_number/62400/62449-en_12.jpg]
[templates.entheosweb.com/template_number/62400/62449-en_13.jpg]
[templates.entheosweb.com/template_number/62400/62449-en_14.jpg]
[templates.entheosweb.com/template_number/62400/62449-en_15.jpg]
[templates.entheosweb.com/template_number/62400/62449-en_16.jpg]
[templates.entheosweb.com/template_number/63555.html]
[templates.entheosweb.com/template_number/63500/63555-med.jpg]
[templates.entheosweb.com/template_number/63500/63555-prestashop-b.jpg]
[templates.entheosweb.com/template_number/live_democd7f.html]
[templates.entheosweb.com/template_number/62363.html]
[templates.entheosweb.com/template_number/62300/62363-med.jpg]
[templates.entheosweb.com/template_number/62300/62363-prestashop-b.jpg]
[templates.entheosweb.com/template_number/live_demo01a9.html]
[templates.entheosweb.com/template_number/58148.html]
[templates.entheosweb.com/template_number/58100/58148-med.jpg]
[templates.entheosweb.com/template_number/58100/58148-prestashop-b.jpg]
[templates.entheosweb.com/template_number/live_demod8c8.html]
[templates.entheosweb.com/template_number/62449.html]
[templates.entheosweb.com/template_number/live_demo6622.html]
[templates.entheosweb.com/template_number/62400/62447-big.jpg]
[templates.entheosweb.com/template_number/63337.html]
[templates.entheosweb.com/template_number/63300/63337-med.jpg]
[templates.entheosweb.com/template_number/63300/63337-prestashop-b.jpg]
[templates.entheosweb.com/template_number/live_demoe100.html]
[templates.entheosweb.com/template_number/61179.html]
[templates.entheosweb.com/template_number/61100/61179-med.jpg]
[templates.entheosweb.com/template_number/61100/61179-prestashop-b.jpg]
[templates.entheosweb.com/template_number/live_demof382.html]
[templates.entheosweb.com/template_number/58335.html]
[templates.entheosweb.com/template_number/58300/58335-med.jpg]
[templates.entheosweb.com/template_number/58300/58335-prestashop-b.jpg]
[templates.entheosweb.com/template_number/live_demo753d.html]
[templates.entheosweb.com/template_number/62447.html]
[templates.entheosweb.com/template_number/live_demo049d.html]
[templates.entheosweb.com/template_number/live_demo474a.html]
[templates.entheosweb.com/template_number/live_demo0406.html]
[templates.entheosweb.com/template_number/26549.html]
[templates.entheosweb.com/template_number/26500/26549-m.jpg]
[templates.entheosweb.com/template_number/26546.html]
[templates.entheosweb.com/template_number/26500/26546-m.jpg]
[templates.entheosweb.com/template_number/26361.html]
[templates.entheosweb.com/template_number/26300/26361-m.jpg]
[templates.entheosweb.com/template_number/21871.html]
[templates.entheosweb.com/template_number/live_demoe8f5.html]
[templates.entheosweb.com/template_number/12291.html]
[templates.entheosweb.com/template_number/live_demo4ea6.html]
[templates.entheosweb.com/template_number/live_demo8aaa.html]
[templates.entheosweb.com/template_number/24963.html]
[templates.entheosweb.com/template_number/live_demof4b7.html]
[templates.entheosweb.com/template_number/live_demodd4b.html]
[templates.entheosweb.com/template_number/live_demo9bfc.html]
[templates.entheosweb.com/template_number/live_demofce6.html]
[templates.entheosweb.com/template_number/live_demo982b.html]
[templates.entheosweb.com/template_number/36537.html]
[templates.entheosweb.com/template_number/63549.html]
[templates.entheosweb.com/template_number/63500/63549-med.jpg]
[templates.entheosweb.com/template_number/36997.html]
[templates.entheosweb.com/template_number/36900/36997-m.jpg]
[templates.entheosweb.com/template_number/36996.html]
[templates.entheosweb.com/template_number/36900/36996-m.jpg]
[templates.entheosweb.com/template_number/36543.html]
[templates.entheosweb.com/template_number/live_demo4b52.html]
[templates.entheosweb.com/template_number/35600/35656-m.jpg]
[templates.entheosweb.com/template_number/36465.html]
[templates.entheosweb.com/template_number/36400/36465-m.html]
[templates.entheosweb.com/template_number/live_demo271a.html]
[templates.entheosweb.com/template_number/33830.html]
[templates.entheosweb.com/template_number/live_demo15bf.html]
[templates.entheosweb.com/template_number/live_democ156.html]
[templates.entheosweb.com/template_number/63600/63674-big.jpg]
[templates.entheosweb.com/template_number/63600/63674-en_01.jpg]
[templates.entheosweb.com/template_number/63600/63674-en_02.jpg]
[templates.entheosweb.com/template_number/63600/63674-en_03.jpg]
[templates.entheosweb.com/template_number/63600/63674-en_04.jpg]
[templates.entheosweb.com/template_number/63674.html]
[templates.entheosweb.com/template_number/live_demof64d.html]
[templates.entheosweb.com/template_number/63600/63623-big.jpg]
[templates.entheosweb.com/template_number/63600/63623-en_01.jpg]
[templates.entheosweb.com/template_number/63623.html]
[templates.entheosweb.com/template_number/live_demo9fce.html]
[templates.entheosweb.com/template_number/36331.html]
[templates.entheosweb.com/template_number/live_demo0b79.html]
[templates.entheosweb.com/template_number/live_demo5627.html]
[templates.entheosweb.com/template_number/34154.html]
[templates.entheosweb.com/template_number/live_demo801d.html]
[templates.entheosweb.com/template_number/live_demof81d.html]
[templates.entheosweb.com/template_number/live_demode02.html]
[templates.entheosweb.com/template_number/61100/61111-big.jpg]
[templates.entheosweb.com/template_number/live_demoa537.html]
[templates.entheosweb.com/template_number/61100/61111-en_01.jpg]
[templates.entheosweb.com/template_number/61100/61111-en_02.jpg]
[templates.entheosweb.com/template_number/61100/61111-en_03.jpg]
[templates.entheosweb.com/template_number/61100/61111-en_04.jpg]
[templates.entheosweb.com/template_number/61100/61111-en_05.jpg]
[templates.entheosweb.com/template_number/61100/61111-en_06.jpg]
[templates.entheosweb.com/template_number/61100/61111-en_07.jpg]
[templates.entheosweb.com/template_number/61100/61111-en_08.jpg]
[templates.entheosweb.com/template_number/61100/61111-en_09.jpg]
[templates.entheosweb.com/template_number/61100/61111-en_10.jpg]
[templates.entheosweb.com/template_number/61100/61111-en_11.jpg]
[templates.entheosweb.com/template_number/61100/61111-en_12.jpg]
[templates.entheosweb.com/template_number/61100/61111-en_13.jpg]
[templates.entheosweb.com/template_number/61100/61111-en_14.jpg]
[templates.entheosweb.com/template_number/61100/61111-en_15.jpg]
[templates.entheosweb.com/template_number/61100/61111-en_16.jpg]
[templates.entheosweb.com/template_number/61100/61111-en_17.jpg]
[templates.entheosweb.com/template_number/61100/61111-en_18.jpg]
[templates.entheosweb.com/template_number/61100/61111-en_19.jpg]
[templates.entheosweb.com/template_number/61100/61111-en_20.jpg]
[templates.entheosweb.com/template_number/61100/61111-en_21.jpg]
[templates.entheosweb.com/template_number/61100/61111-en_22.jpg]
[templates.entheosweb.com/template_number/61100/61111-en_23.jpg]
[templates.entheosweb.com/template_number/61100/61111-en_24.jpg]
[templates.entheosweb.com/template_number/61100/61111-en_25.jpg]
[templates.entheosweb.com/template_number/61100/61111-en_26.jpg]
[templates.entheosweb.com/template_number/61100/61111-en_27.jpg]
[templates.entheosweb.com/template_number/61100/61111-en_28.jpg]
[templates.entheosweb.com/template_number/61100/61111-en_29.jpg]
[templates.entheosweb.com/template_number/61111.html]
[templates.entheosweb.com/template_number/live_demo0ff8.html]
[templates.entheosweb.com/template_number/live_demo896c.html]
[templates.entheosweb.com/template_number/61300/61387-big.jpg]
[templates.entheosweb.com/template_number/live_demo5b00.html]
[templates.entheosweb.com/template_number/61300/61387-en_01.jpg]
[templates.entheosweb.com/template_number/61300/61387-en_02.jpg]
[templates.entheosweb.com/template_number/61300/61387-en_03.jpg]
[templates.entheosweb.com/template_number/61300/61387-en_04.jpg]
[templates.entheosweb.com/template_number/61300/61387-en_05.jpg]
[templates.entheosweb.com/template_number/61300/61387-en_06.jpg]
[templates.entheosweb.com/template_number/61300/61387-en_07.jpg]
[templates.entheosweb.com/template_number/61300/61387-en_08.jpg]
[templates.entheosweb.com/template_number/61300/61387-en_09.jpg]
[templates.entheosweb.com/template_number/61300/61387-en_10.jpg]
[templates.entheosweb.com/template_number/61387.html]
[templates.entheosweb.com/template_number/live_demob800.html]
[templates.entheosweb.com/template_number/61300/61311-big.jpg]
[templates.entheosweb.com/template_number/live_demo900c.html]
[templates.entheosweb.com/template_number/61300/61311-en_01.jpg]
[templates.entheosweb.com/template_number/61300/61311-en_02.jpg]
[templates.entheosweb.com/template_number/61300/61311-en_03.jpg]
[templates.entheosweb.com/template_number/61300/61311-en_04.jpg]
[templates.entheosweb.com/template_number/61300/61311-en_05.jpg]
[templates.entheosweb.com/template_number/61300/61311-en_06.jpg]
[templates.entheosweb.com/template_number/61300/61311-en_07.jpg]
[templates.entheosweb.com/template_number/61300/61311-en_08.jpg]
[templates.entheosweb.com/template_number/61300/61311-en_09.jpg]
[templates.entheosweb.com/template_number/61300/61311-en_10.jpg]
[templates.entheosweb.com/template_number/61300/61311-en_11.jpg]
[templates.entheosweb.com/template_number/61300/61311-en_12.jpg]
[templates.entheosweb.com/template_number/61311.html]
[templates.entheosweb.com/template_number/live_demoa337.html]
[templates.entheosweb.com/template_number/live_demo9c48.html]
[templates.entheosweb.com/template_number/62300/62343-big.jpg]
[templates.entheosweb.com/template_number/62300/62343-en_01.jpg]
[templates.entheosweb.com/template_number/62300/62343-en_02.jpg]
[templates.entheosweb.com/template_number/62300/62343-en_03.jpg]
[templates.entheosweb.com/template_number/62300/62343-en_04.jpg]
[templates.entheosweb.com/template_number/62300/62343-en_05.jpg]
[templates.entheosweb.com/template_number/62300/62343-en_06.jpg]
[templates.entheosweb.com/template_number/62300/62343-en_07.jpg]
[templates.entheosweb.com/template_number/62300/62343-en_08.jpg]
[templates.entheosweb.com/template_number/62343.html]
[templates.entheosweb.com/template_number/live_demo22cd.html]
[templates.entheosweb.com/template_number/62300/62341-big.jpg]
[templates.entheosweb.com/template_number/62300/62341-en_01.jpg]
[templates.entheosweb.com/template_number/62300/62341-en_02.jpg]
[templates.entheosweb.com/template_number/62300/62341-en_03.jpg]
[templates.entheosweb.com/template_number/62300/62341-en_04.jpg]
[templates.entheosweb.com/template_number/62300/62341-en_05.jpg]
[templates.entheosweb.com/template_number/62300/62341-en_06.jpg]
[templates.entheosweb.com/template_number/62300/62341-en_07.jpg]
[templates.entheosweb.com/template_number/62300/62341-en_08.jpg]
[templates.entheosweb.com/template_number/62341.html]
[templates.entheosweb.com/template_number/live_demo5ea2.html]
[templates.entheosweb.com/template_number/62200/62279-big.jpg]
[templates.entheosweb.com/template_number/62200/62279-en_01.jpg]
[templates.entheosweb.com/template_number/62200/62279-en_02.jpg]
[templates.entheosweb.com/template_number/62200/62279-en_03.jpg]
[templates.entheosweb.com/template_number/62200/62279-en_04.jpg]
[templates.entheosweb.com/template_number/62200/62279-en_05.jpg]
[templates.entheosweb.com/template_number/62200/62279-en_06.jpg]
[templates.entheosweb.com/template_number/62200/62279-en_07.jpg]
[templates.entheosweb.com/template_number/62200/62279-en_08.jpg]
[templates.entheosweb.com/template_number/62200/62279-en_09.jpg]
[templates.entheosweb.com/template_number/62200/62279-en_10.jpg]
[templates.entheosweb.com/template_number/62200/62279-en_11.jpg]
[templates.entheosweb.com/template_number/62200/62279-en_12.jpg]
[templates.entheosweb.com/template_number/62200/62279-en_13.jpg]
[templates.entheosweb.com/template_number/62200/62279-en_14.jpg]
[templates.entheosweb.com/template_number/62279.html]
[templates.entheosweb.com/template_number/live_demoda29.html]
[templates.entheosweb.com/template_number/63500/63555-big.jpg]
[templates.entheosweb.com/template_number/63500/63555_1-big.jpg]
[templates.entheosweb.com/template_number/63500/63555_2-big.jpg]
[templates.entheosweb.com/template_number/63500/63555_3-big.jpg]
[templates.entheosweb.com/template_number/63500/63555_4-big.jpg]
[templates.entheosweb.com/template_number/63500/63555_5-big.jpg]
[templates.entheosweb.com/template_number/63500/63555-en_01.jpg]
[templates.entheosweb.com/template_number/63500/63555-en_02.jpg]
[templates.entheosweb.com/template_number/63500/63555-en_03.jpg]
[templates.entheosweb.com/template_number/63500/63555-en_04.jpg]
[templates.entheosweb.com/template_number/63500/63555-en_05.jpg]
[templates.entheosweb.com/template_number/63500/63555-en_06.jpg]
[templates.entheosweb.com/template_number/63500/63555-en_07.jpg]
[templates.entheosweb.com/template_number/63500/63555-en_08.jpg]
[templates.entheosweb.com/template_number/63500/63555-en_09.jpg]
[templates.entheosweb.com/template_number/63500/63555-en_10.jpg]
[templates.entheosweb.com/template_number/63500/63555-en_11.jpg]
[templates.entheosweb.com/template_number/63500/63555-en_12.jpg]
[templates.entheosweb.com/template_number/63500/63555-en_13.jpg]
[templates.entheosweb.com/template_number/63500/63555-en_14.jpg]
[templates.entheosweb.com/template_number/63500/63555-en_15.jpg]
[templates.entheosweb.com/template_number/63500/63555-en_16.jpg]
[templates.entheosweb.com/template_number/63500/63555-en_17.jpg]
[templates.entheosweb.com/template_number/63500/63555-en_18.jpg]
[templates.entheosweb.com/template_number/63500/63555-en_19.jpg]
[templates.entheosweb.com/template_number/63500/63555-en_20.jpg]
[templates.entheosweb.com/template_number/63500/63555-en_21.jpg]
[templates.entheosweb.com/template_number/63500/63555-en_22.jpg]
[templates.entheosweb.com/template_number/63555.html]
[templates.entheosweb.com/template_number/live_democd7f.html]
[templates.entheosweb.com/template_number/62300/62363-big.jpg]
[templates.entheosweb.com/template_number/62300/62363-en_01.jpg]
[templates.entheosweb.com/template_number/62300/62363-en_02.jpg]
[templates.entheosweb.com/template_number/62300/62363-en_03.jpg]
[templates.entheosweb.com/template_number/62300/62363-en_04.jpg]
[templates.entheosweb.com/template_number/62300/62363-en_05.jpg]
[templates.entheosweb.com/template_number/62300/62363-en_06.jpg]
[templates.entheosweb.com/template_number/62300/62363-en_07.jpg]
[templates.entheosweb.com/template_number/62300/62363-en_08.jpg]
[templates.entheosweb.com/template_number/62300/62363-en_09.jpg]
[templates.entheosweb.com/template_number/62300/62363-en_10.jpg]
[templates.entheosweb.com/template_number/62300/62363-en_11.jpg]
[templates.entheosweb.com/template_number/62300/62363-en_12.jpg]
[templates.entheosweb.com/template_number/62300/62363-en_13.jpg]
[templates.entheosweb.com/template_number/62300/62363-en_14.jpg]
[templates.entheosweb.com/template_number/62300/62363-en_15.jpg]
[templates.entheosweb.com/template_number/62300/62363-en_16.jpg]
[templates.entheosweb.com/template_number/62363.html]
[templates.entheosweb.com/template_number/live_demo01a9.html]
[templates.entheosweb.com/template_number/58100/58148-big.jpg]
[templates.entheosweb.com/template_number/58100/58148-en_01.jpg]
[templates.entheosweb.com/template_number/58100/58148-en_02.jpg]
[templates.entheosweb.com/template_number/58100/58148-en_03.jpg]
[templates.entheosweb.com/template_number/58100/58148-en_04.jpg]
[templates.entheosweb.com/template_number/58100/58148-en_05.jpg]
[templates.entheosweb.com/template_number/58100/58148-en_06.jpg]
[templates.entheosweb.com/template_number/58100/58148-en_07.jpg]
[templates.entheosweb.com/template_number/58100/58148-en_08.jpg]
[templates.entheosweb.com/template_number/58100/58148-en_09.jpg]
[templates.entheosweb.com/template_number/58100/58148-en_10.jpg]
[templates.entheosweb.com/template_number/58100/58148-en_11.jpg]
[templates.entheosweb.com/template_number/58100/58148-en_12.jpg]
[templates.entheosweb.com/template_number/58100/58148-en_13.jpg]
[templates.entheosweb.com/template_number/58100/58148-en_14.jpg]
[templates.entheosweb.com/template_number/58100/58148-en_15.jpg]
[templates.entheosweb.com/template_number/58100/58148-en_16.jpg]
[templates.entheosweb.com/template_number/58100/58148-en_17.jpg]
[templates.entheosweb.com/template_number/58100/58148-en_18.jpg]
[templates.entheosweb.com/template_number/58100/58148-en_19.jpg]
[templates.entheosweb.com/template_number/58100/58148-en_20.jpg]
[templates.entheosweb.com/template_number/58100/58148-en_21.jpg]
[templates.entheosweb.com/template_number/58100/58148-en_22.jpg]
[templates.entheosweb.com/template_number/58100/58148-en_23.jpg]
[templates.entheosweb.com/template_number/58100/58148-en_24.jpg]
[templates.entheosweb.com/template_number/58148.html]
[templates.entheosweb.com/template_number/live_demod8c8.html]
[templates.entheosweb.com/template_number/63300/63337-big.jpg]
[templates.entheosweb.com/template_number/63300/63337-en_01.jpg]
[templates.entheosweb.com/template_number/63300/63337-en_02.jpg]
[templates.entheosweb.com/template_number/63300/63337-en_03.jpg]
[templates.entheosweb.com/template_number/63300/63337-en_04.jpg]
[templates.entheosweb.com/template_number/63300/63337-en_05.jpg]
[templates.entheosweb.com/template_number/63300/63337-en_06.jpg]
[templates.entheosweb.com/template_number/63300/63337-en_07.jpg]
[templates.entheosweb.com/template_number/63300/63337-en_08.jpg]
[templates.entheosweb.com/template_number/63300/63337-en_09.jpg]
[templates.entheosweb.com/template_number/63300/63337-en_10.jpg]
[templates.entheosweb.com/template_number/63300/63337-en_11.jpg]
[templates.entheosweb.com/template_number/63300/63337-en_12.jpg]
[templates.entheosweb.com/template_number/63300/63337-en_13.jpg]
[templates.entheosweb.com/template_number/63300/63337-en_14.jpg]
[templates.entheosweb.com/template_number/63300/63337-en_15.jpg]
[templates.entheosweb.com/template_number/63337.html]
[templates.entheosweb.com/template_number/live_demoe100.html]
[templates.entheosweb.com/template_number/61100/61179-big.jpg]
[templates.entheosweb.com/template_number/61100/61179-en_01.jpg]
[templates.entheosweb.com/template_number/61100/61179-en_02.jpg]
[templates.entheosweb.com/template_number/61100/61179-en_03.jpg]
[templates.entheosweb.com/template_number/61100/61179-en_04.jpg]
[templates.entheosweb.com/template_number/61100/61179-en_05.jpg]
[templates.entheosweb.com/template_number/61100/61179-en_06.jpg]
[templates.entheosweb.com/template_number/61100/61179-en_07.jpg]
[templates.entheosweb.com/template_number/61100/61179-en_08.jpg]
[templates.entheosweb.com/template_number/61100/61179-en_09.jpg]
[templates.entheosweb.com/template_number/61100/61179-en_10.jpg]
[templates.entheosweb.com/template_number/61100/61179-en_11.jpg]
[templates.entheosweb.com/template_number/61100/61179-en_12.jpg]
[templates.entheosweb.com/template_number/61100/61179-en_13.jpg]
[templates.entheosweb.com/template_number/61100/61179-en_14.jpg]
[templates.entheosweb.com/template_number/61100/61179-en_15.jpg]
[templates.entheosweb.com/template_number/61100/61179-en_16.jpg]
[templates.entheosweb.com/template_number/61100/61179-en_17.jpg]
[templates.entheosweb.com/template_number/61100/61179-en_18.jpg]
[templates.entheosweb.com/template_number/61179.html]
[templates.entheosweb.com/template_number/live_demof382.html]
[templates.entheosweb.com/template_number/58300/58335-big.jpg]
[templates.entheosweb.com/template_number/58300/58335-en_01.jpg]
[templates.entheosweb.com/template_number/58300/58335-en_02.jpg]
[templates.entheosweb.com/template_number/58300/58335-en_03.jpg]
[templates.entheosweb.com/template_number/58300/58335-en_04.jpg]
[templates.entheosweb.com/template_number/58300/58335-en_05.jpg]
[templates.entheosweb.com/template_number/58300/58335-en_06.jpg]
[templates.entheosweb.com/template_number/58300/58335-en_07.jpg]
[templates.entheosweb.com/template_number/58300/58335-en_08.jpg]
[templates.entheosweb.com/template_number/58300/58335-en_09.jpg]
[templates.entheosweb.com/template_number/58300/58335-en_10.jpg]
[templates.entheosweb.com/template_number/58300/58335-en_11.jpg]
[templates.entheosweb.com/template_number/58300/58335-en_12.jpg]
[templates.entheosweb.com/template_number/58300/58335-en_13.jpg]
[templates.entheosweb.com/template_number/58300/58335-en_14.jpg]
[templates.entheosweb.com/template_number/58300/58335-en_15.jpg]
[templates.entheosweb.com/template_number/58300/58335-en_16.jpg]
[templates.entheosweb.com/template_number/58335.html]
[templates.entheosweb.com/template_number/live_demo753d.html]
[templates.entheosweb.com/template_number/live_demo0406.html]
[templates.entheosweb.com/template_number/live_demofd44.html]
[templates.entheosweb.com/template_number/35571.html]
[templates.entheosweb.com/template_number/35500/35571-m.jpg]
[templates.entheosweb.com/template_number/33362.html]
[templates.entheosweb.com/template_number/33300/33362-m.jpg]
[templates.entheosweb.com/template_number/33190.html]
[templates.entheosweb.com/template_number/33100/33190-m.jpg]
[templates.entheosweb.com/template_number/26549.html]
[templates.entheosweb.com/template_number/live_demof7f4.html]
[templates.entheosweb.com/template_number/34272.html]
[templates.entheosweb.com/template_number/34200/34272-m.jpg]
[templates.entheosweb.com/template_number/33909.html]
[templates.entheosweb.com/template_number/33900/33909-m.jpg]
[templates.entheosweb.com/template_number/32587.html]
[templates.entheosweb.com/template_number/32500/32587-m.jpg]
[templates.entheosweb.com/template_number/26546.html]
[templates.entheosweb.com/template_number/live_demo3cdc.html]
[templates.entheosweb.com/template_number/34776.html]
[templates.entheosweb.com/template_number/34700/34776-m.jpg]
[templates.entheosweb.com/template_number/34274.html]
[templates.entheosweb.com/template_number/34200/34274-m.jpg]
[templates.entheosweb.com/template_number/31551.html]
[templates.entheosweb.com/template_number/31500/31551-m.jpg]
[templates.entheosweb.com/template_number/26361.html]
[templates.entheosweb.com/template_number/live_demoe8f5.html]
[templates.entheosweb.com/template_number/live_demo8aaa.html]
[templates.entheosweb.com/template_number/live_demo982b.html]
[templates.entheosweb.com/template_number/live_demoe2b2.html]
[templates.entheosweb.com/template_number/63411.html]
[templates.entheosweb.com/template_number/63400/63411-med.jpg]
[templates.entheosweb.com/template_number/63396.html]
[templates.entheosweb.com/template_number/63300/63396-med.jpg]
[templates.entheosweb.com/template_number/32763.html]
[templates.entheosweb.com/template_number/32700/32763-m.jpg]
[templates.entheosweb.com/template_number/36537.html]
[templates.entheosweb.com/template_number/live_demo3be4.html]
[templates.entheosweb.com/template_number/63500/63549-big.jpg]
[templates.entheosweb.com/template_number/63500/63549-en_01.jpg]
[templates.entheosweb.com/template_number/63500/63549-en_02.jpg]
[templates.entheosweb.com/template_number/63500/63549-en_03.jpg]
[templates.entheosweb.com/template_number/63500/63549-en_04.jpg]
[templates.entheosweb.com/template_number/63500/63549-en_05.jpg]
[templates.entheosweb.com/template_number/63500/63549-en_06.jpg]
[templates.entheosweb.com/template_number/63500/63549-en_07.jpg]
[templates.entheosweb.com/template_number/63500/63549-en_08.jpg]
[templates.entheosweb.com/template_number/63500/63549-en_09.jpg]
[templates.entheosweb.com/template_number/63500/63549-en_10.jpg]
[templates.entheosweb.com/template_number/36914.html]
[templates.entheosweb.com/template_number/36900/36914-m.jpg]
[templates.entheosweb.com/template_number/63549.html]
[templates.entheosweb.com/template_number/live_demo1117.html]
[templates.entheosweb.com/template_number/36997.html]
[templates.entheosweb.com/template_number/36992.html]
[templates.entheosweb.com/template_number/live_demof83f.html]
[templates.entheosweb.com/template_number/36996.html]
[templates.entheosweb.com/template_number/live_demo4b52.html]
[templates.entheosweb.com/template_number/live_demo271a.html]
[templates.entheosweb.com/template_number/live_democ156.html]
[templates.entheosweb.com/template_number/live_demof64d.html]
[templates.entheosweb.com/template_number/live_demo9fce.html]
[templates.entheosweb.com/template_number/live_demo5627.html]
[templates.entheosweb.com/template_number/live_demoa537.html]
[templates.entheosweb.com/template_number/live_demo5b00.html]
[templates.entheosweb.com/template_number/live_demo900c.html]
[templates.entheosweb.com/template_number/live_demofd44.html]
[templates.entheosweb.com/template_number/live_demo30a5.html]
[templates.entheosweb.com/template_number/36991.html]
[templates.entheosweb.com/template_number/31470.html]
[templates.entheosweb.com/template_number/31400/31470-m.jpg]
[templates.entheosweb.com/template_number/27792.html]
[templates.entheosweb.com/template_number/27700/27792-m.jpg]
[templates.entheosweb.com/template_number/26206.html]
[templates.entheosweb.com/template_number/26200/26206-m.jpg]
[templates.entheosweb.com/template_number/35571.html]
[templates.entheosweb.com/template_number/live_demof508.html]
[templates.entheosweb.com/template_number/33187.html]
[templates.entheosweb.com/template_number/33100/33187-m.jpg]
[templates.entheosweb.com/template_number/33362.html]
[templates.entheosweb.com/template_number/live_demo64b4.html]
[templates.entheosweb.com/template_number/33190.html]
[templates.entheosweb.com/template_number/live_demof7f4.html]
[templates.entheosweb.com/template_number/live_demo739d.html]
[templates.entheosweb.com/template_number/32176.html]
[templates.entheosweb.com/template_number/32100/32176-m.jpg]
[templates.entheosweb.com/template_number/34272.html]
[templates.entheosweb.com/template_number/live_demo4f38.html]
[templates.entheosweb.com/template_number/33909.html]
[templates.entheosweb.com/template_number/live_demode55.html]
[templates.entheosweb.com/template_number/32587.html]
[templates.entheosweb.com/template_number/live_demo3cdc.html]
[templates.entheosweb.com/template_number/live_demofe3b.html]
[templates.entheosweb.com/template_number/30105.html]
[templates.entheosweb.com/template_number/30100/30105-m.jpg]
[templates.entheosweb.com/template_number/34776.html]
[templates.entheosweb.com/template_number/live_demo9607.html]
[templates.entheosweb.com/template_number/34274.html]
[templates.entheosweb.com/template_number/live_demo1ad1.html]
[templates.entheosweb.com/template_number/31551.html]
[templates.entheosweb.com/template_number/live_demoe2b2.html]
[templates.entheosweb.com/template_number/63400/63411-big.jpg]
[templates.entheosweb.com/template_number/63400/63411-en_01.jpg]
[templates.entheosweb.com/template_number/live_demoae67.html]
[templates.entheosweb.com/template_number/63400/63411-en_02.jpg]
[templates.entheosweb.com/template_number/63400/63411-en_03.jpg]
[templates.entheosweb.com/template_number/63400/63411-en_04.jpg]
[templates.entheosweb.com/template_number/63400/63411-en_05.jpg]
[templates.entheosweb.com/template_number/63400/63411-en_06.jpg]
[templates.entheosweb.com/template_number/63400/63411-en_07.jpg]
[templates.entheosweb.com/template_number/63400/63411-en_08.jpg]
[templates.entheosweb.com/template_number/63400/63411-en_09.jpg]
[templates.entheosweb.com/template_number/63400/63411-en_10.jpg]
[templates.entheosweb.com/template_number/36500/36537-m.jpg]
[templates.entheosweb.com/template_number/63411.html]
[templates.entheosweb.com/template_number/live_demo64aa.html]
[templates.entheosweb.com/template_number/63300/63396-big.jpg]
[templates.entheosweb.com/template_number/63300/63396-en_01.jpg]
[templates.entheosweb.com/template_number/63300/63396-en_02.jpg]
[templates.entheosweb.com/template_number/63300/63396-en_03.jpg]
[templates.entheosweb.com/template_number/63300/63396-en_04.jpg]
[templates.entheosweb.com/template_number/63300/63396-en_05.jpg]
[templates.entheosweb.com/template_number/63300/63396-en_06.jpg]
[templates.entheosweb.com/template_number/63300/63396-en_07.jpg]
[templates.entheosweb.com/template_number/63300/63396-en_08.jpg]
[templates.entheosweb.com/template_number/63300/63396-en_09.jpg]
[templates.entheosweb.com/template_number/63396.html]
[templates.entheosweb.com/template_number/live_demoa856.html]
[templates.entheosweb.com/template_number/32767.html]
[templates.entheosweb.com/template_number/32763.html]
[templates.entheosweb.com/template_number/live_demo3be4.html]
[templates.entheosweb.com/template_number/live_demo16f3.html]
[templates.entheosweb.com/template_number/36914.html]
[templates.entheosweb.com/template_number/live_demo1117.html]
[templates.entheosweb.com/template_number/36911.html]
[templates.entheosweb.com/template_number/live_demo2e3c.html]
[templates.entheosweb.com/template_number/63635.html]
[templates.entheosweb.com/template_number/63600/63635-med.jpg]
[templates.entheosweb.com/template_number/63600/63607-med.jpg]
[templates.entheosweb.com/template_number/63607.html]
[templates.entheosweb.com/template_number/63583.html]
[templates.entheosweb.com/template_number/63500/63583-med.jpg]
[templates.entheosweb.com/template_number/36992.html]
[templates.entheosweb.com/template_number/live_demof83f.html]
[templates.entheosweb.com/template_number/live_demo60ae.html]
[templates.entheosweb.com/template_number/34173.html]
[templates.entheosweb.com/template_number/34100/34173-m.jpg]
[templates.entheosweb.com/template_number/33915.html]
[templates.entheosweb.com/template_number/33900/33915-m.jpg]
[templates.entheosweb.com/template_number/33370.html]
[templates.entheosweb.com/template_number/33300/33370-m.jpg]
[templates.entheosweb.com/template_number/36991.html]
[templates.entheosweb.com/template_number/live_demo30a5.html]
[templates.entheosweb.com/template_number/live_demob397.html]
[templates.entheosweb.com/template_number/31470.html]
[templates.entheosweb.com/template_number/live_demo8401.html]
[templates.entheosweb.com/template_number/27792.html]
[templates.entheosweb.com/template_number/live_demoe7e0.html]
[templates.entheosweb.com/template_number/26206.html]
[templates.entheosweb.com/template_number/live_demof508.html]
[templates.entheosweb.com/template_number/live_demo64ec.html]
[templates.entheosweb.com/template_number/33187.html]
[templates.entheosweb.com/template_number/live_demo64b4.html]
[templates.entheosweb.com/template_number/live_demo739d.html]
[templates.entheosweb.com/template_number/live_demo3c59.html]
[templates.entheosweb.com/template_number/32176.html]
[templates.entheosweb.com/template_number/live_demo4f38.html]
[templates.entheosweb.com/template_number/live_demode55.html]
[templates.entheosweb.com/template_number/live_demofe3b.html]
[templates.entheosweb.com/template_number/live_demo0a04.html]
[templates.entheosweb.com/template_number/30105.html]
[templates.entheosweb.com/template_number/live_demo9607.html]
[templates.entheosweb.com/template_number/live_demo1ad1.html]
[templates.entheosweb.com/template_number/live_demoae67.html]
[templates.entheosweb.com/template_number/live_demo64aa.html]
[templates.entheosweb.com/template_number/live_demoa856.html]
[templates.entheosweb.com/template_number/live_demo8cf0.html]
[templates.entheosweb.com/template_number/32767.html]
[templates.entheosweb.com/template_number/live_demo16f3.html]
[templates.entheosweb.com/template_number/live_demo882f.html]
[templates.entheosweb.com/template_number/34279.html]
[templates.entheosweb.com/template_number/34200/34279-m.jpg]
[templates.entheosweb.com/template_number/32292.html]
[templates.entheosweb.com/template_number/32200/32292-m.jpg]
[templates.entheosweb.com/template_number/36911.html]
[templates.entheosweb.com/template_number/live_demo2e3c.html]
[templates.entheosweb.com/template_number/live_demoafdf.html]
[templates.entheosweb.com/template_number/63600/63635-big.jpg]
[templates.entheosweb.com/template_number/63600/63635-en_01.jpg]
[templates.entheosweb.com/template_number/63600/63635-en_02.jpg]
[templates.entheosweb.com/template_number/63600/63635-en_03.jpg]
[templates.entheosweb.com/template_number/63600/63635-en_04.jpg]
[templates.entheosweb.com/template_number/63600/63635-en_05.jpg]
[templates.entheosweb.com/template_number/63600/63635-en_06.jpg]
[templates.entheosweb.com/template_number/63600/63635-en_07.jpg]
[templates.entheosweb.com/template_number/63600/63635-en_08.jpg]
[templates.entheosweb.com/template_number/63600/63635-en_09.jpg]
[templates.entheosweb.com/template_number/63600/63635-en_10.jpg]
[templates.entheosweb.com/template_number/63510.html]
[templates.entheosweb.com/template_number/63500/63510-med.jpg]
[templates.entheosweb.com/template_number/63635.html]
[templates.entheosweb.com/template_number/live_demodedf.html]
[templates.entheosweb.com/template_number/63600/63607-big.jpg]
[templates.entheosweb.com/template_number/63600/63607-en_01.jpg]
[templates.entheosweb.com/template_number/63600/63607-en_02.jpg]
[templates.entheosweb.com/template_number/63600/63607-en_03.jpg]
[templates.entheosweb.com/template_number/63600/63607-en_04.jpg]
[templates.entheosweb.com/template_number/63600/63607-en_05.jpg]
[templates.entheosweb.com/template_number/63600/63607-en_06.jpg]
[templates.entheosweb.com/template_number/63600/63607-en_07.jpg]
[templates.entheosweb.com/template_number/63600/63607-en_08.jpg]
[templates.entheosweb.com/template_number/63600/63607-en_09.jpg]
[templates.entheosweb.com/template_number/63600/63607-en_10.jpg]
[templates.entheosweb.com/template_number/63607.html]
[templates.entheosweb.com/template_number/live_demo5b8d.html]
[templates.entheosweb.com/template_number/63500/63583-big.jpg]
[templates.entheosweb.com/template_number/63500/63583-en_01.jpg]
[templates.entheosweb.com/template_number/63500/63583-en_02.jpg]
[templates.entheosweb.com/template_number/63500/63583-en_03.jpg]
[templates.entheosweb.com/template_number/63500/63583-en_04.jpg]
[templates.entheosweb.com/template_number/63500/63583-en_05.jpg]
[templates.entheosweb.com/template_number/63500/63583-en_06.jpg]
[templates.entheosweb.com/template_number/63583.html]
[templates.entheosweb.com/template_number/live_demo60ae.html]
[templates.entheosweb.com/template_number/63500/63583-en_07.jpg]
[templates.entheosweb.com/template_number/live_demoa034.html]
[templates.entheosweb.com/template_number/34180.html]
[templates.entheosweb.com/template_number/34173.html]
[templates.entheosweb.com/template_number/live_demo302a.html]
[templates.entheosweb.com/template_number/33919.html]
[templates.entheosweb.com/template_number/36900/36991-m.jpg]
[templates.entheosweb.com/template_number/33915.html]
[templates.entheosweb.com/template_number/live_demo1e15.html]
[templates.entheosweb.com/template_number/33370.html]
[templates.entheosweb.com/template_number/live_demob397.html]
[templates.entheosweb.com/template_number/live_demo8401.html]
[templates.entheosweb.com/template_number/live_demoe7e0.html]
[templates.entheosweb.com/template_number/live_demo64ec.html]
[templates.entheosweb.com/template_number/live_demo3c59.html]
[templates.entheosweb.com/template_number/live_demo0a04.html]
[templates.entheosweb.com/template_number/live_demo8cf0.html]
[templates.entheosweb.com/template_number/live_demo882f.html]
[templates.entheosweb.com/template_number/33374.html]
[templates.entheosweb.com/template_number/live_demo1adc.html]
[templates.entheosweb.com/template_number/34279.html]
[templates.entheosweb.com/template_number/live_demo0b5e.html]
[templates.entheosweb.com/template_number/34283.html]
[templates.entheosweb.com/template_number/32292.html]
[templates.entheosweb.com/template_number/live_demoafdf.html]
[templates.entheosweb.com/template_number/live_demo4102.html]
[templates.entheosweb.com/template_number/32296.html]
[templates.entheosweb.com/template_number/63500/63510-big.jpg]
[templates.entheosweb.com/template_number/63510.html]
[templates.entheosweb.com/template_number/live_demodedf.html]
[templates.entheosweb.com/template_number/live_demo5b8d.html]
[templates.entheosweb.com/template_number/live_demoa034.html]
[templates.entheosweb.com/template_number/live_demo2742.html]
[templates.entheosweb.com/template_number/34180.html]
[templates.entheosweb.com/template_number/live_demo302a.html]
[templates.entheosweb.com/template_number/live_demo64f0.html]
[templates.entheosweb.com/template_number/33919.html]
[templates.entheosweb.com/template_number/live_demo1e15.html]
[templates.entheosweb.com/template_number/live_demo9e07.html]
[templates.entheosweb.com/template_number/32107.html]
[templates.entheosweb.com/template_number/32100/32107-m.jpg]
[templates.entheosweb.com/template_number/31700/31749-m.jpg]
[templates.entheosweb.com/template_number/31313.html]
[templates.entheosweb.com/template_number/31300/31313-m.jpg]
[templates.entheosweb.com/template_number/33374.html]
[templates.entheosweb.com/template_number/live_demo1adc.html]
[templates.entheosweb.com/template_number/live_demo7c90.html]
[templates.entheosweb.com/template_number/34283.html]
[templates.entheosweb.com/template_number/live_demo0b5e.html]
[templates.entheosweb.com/template_number/31749.html]
[templates.entheosweb.com/template_number/32296.html]
[templates.entheosweb.com/template_number/live_demo4102.html]
[templates.entheosweb.com/template_number/live_demo4fec.html]
[templates.entheosweb.com/template_number/live_demo2742.html]
[templates.entheosweb.com/template_number/live_demo64f0.html]
[templates.entheosweb.com/template_number/live_demo9e07.html]
[templates.entheosweb.com/template_number/live_democd41.html]
[templates.entheosweb.com/template_number/32107.html]
[templates.entheosweb.com/template_number/live_demoed4f.html]
[templates.entheosweb.com/template_number/33300/33374-m.jpg]
[templates.entheosweb.com/template_number/31749.html]
[templates.entheosweb.com/template_number/live_demo821b.html]
[templates.entheosweb.com/template_number/31313.html]
[templates.entheosweb.com/template_number/live_demo7c90.html]
[templates.entheosweb.com/template_number/live_demo4fec.html]
[templates.entheosweb.com/template_number/live_democd41.html]
[templates.entheosweb.com/template_number/live_demoed4f.html]
[templates.entheosweb.com/template_number/live_demo821b.html]
